// Jest Snapshot v1, https://goo.gl/fbAQLP

exports[`123321 results related 1`] = `""`;
