// Jest Snapshot v1, https://goo.gl/fbAQLP

exports[`results body 1`] = `
<div
  className="results-body"
>
  <Component />
</div>
`;
