// Jest Snapshot v1, https://goo.gl/fbAQLP

exports[`loader 1`] = `
<div
  className="cssload-fond"
>
  <div
    className="cssload-container-general"
  >
    <div
      className="cssload-internal"
    >
      <div
        className="cssload-ballcolor cssload-ball_1"
      />
    </div>
    <div
      className="cssload-internal"
    >
      <div
        className="cssload-ballcolor cssload-ball_2"
      />
    </div>
    <div
      className="cssload-internal"
    >
      <div
        className="cssload-ballcolor cssload-ball_3"
      />
    </div>
    <div
      className="cssload-internal"
    >
      <div
        className="cssload-ballcolor cssload-ball_4"
      />
    </div>
  </div>
</div>
`;
