// Jest Snapshot v1, https://goo.gl/fbAQLP

exports[`results data 1`] = `
<div
  className="results-data"
>
  <Component />
</div>
`;
