// Jest Snapshot v1, https://goo.gl/fbAQLP

exports[`search heading find 1`] = `
<Fragment>
  <h1
    className="search__heading-2"
  >
    FIND YOUR MOVIE
  </h1>
</Fragment>
`;
