// Jest Snapshot v1, https://goo.gl/fbAQLP

exports[`results item 1`] = `
<div
  className="item"
  onClick={[Function]}
>
  <img
    alt="Gemini"
    className="item__img"
    src="https://image.tmdb.org/t/p/w500/oIltQs7MPk7VQFG3DJfgC63mShU.jpg"
  />
  <div
    className="item-data"
  >
    <div
      className="item-data__text"
    >
      <span
        className="item-data__title"
      >
        GEMINI
      </span>
      <span
        className="item-data__genres"
      >
        Mystery
      </span>
    </div>
    <span
      className="item-data__year"
    >
      2018
    </span>
  </div>
</div>
`;
