// Jest Snapshot v1, https://goo.gl/fbAQLP

exports[`footer 1`] = `
<footer
  className="footer"
>
  <span
    className="footer__text"
  >
    netflixroulette
  </span>
</footer>
`;
